// Jest Snapshot v1, https://goo.gl/fbAQLP

exports[`Rockets renders Rockets Page without crashing 1`] = `undefined`;

exports[`Rockets renders Rockets Page without crashing 2`] = `
<div>
  <div
    class="swiper swiper-initialized swiper-horizontal mySwiper"
  >
    <div
      class="swiper-wrapper"
      style="transition-duration: 0ms; transform: translate3d(NaNpx, 0px, 0px);"
    >
      <div
        class="swiper-slide"
        data-swiper-slide-index="0"
      >
        <div
          class="category"
        >
          <div
            class="category__wrapper"
          >
            <div
              class="category__img-wrapper"
            >
              <img
                alt="europe"
                class="category__img"
                src="assets/europe.svg"
              />
            </div>
            <div
              class="category__content"
            >
              <div
                class="category__content-wrapper"
              >
                <h3
                  class="category__title"
                >
                  europe
                </h3>
                <button
                  aria-hidden="true"
                  class="category__button"
                  type="button"
                >
                  view
                </button>
              </div>
            </div>
          </div>
        </div>
      </div>
      <div
        class="swiper-slide"
        data-swiper-slide-index="1"
      >
        <div
          class="category"
        >
          <div
            class="category__wrapper"
          >
            <div
              class="category__img-wrapper"
            >
              <img
                alt="asia"
                class="category__img"
                src="assets/asia.svg"
              />
            </div>
            <div
              class="category__content"
            >
              <div
                class="category__content-wrapper"
              >
                <h3
                  class="category__title"
                >
                  asia
                </h3>
                <button
                  aria-hidden="true"
                  class="category__button"
                  type="button"
                >
                  view
                </button>
              </div>
            </div>
          </div>
        </div>
      </div>
      <div
        class="swiper-slide"
        data-swiper-slide-index="2"
      >
        <div
          class="category"
        >
          <div
            class="category__wrapper"
          >
            <div
              class="category__img-wrapper"
            >
              <img
                alt="africa"
                class="category__img"
                src="assets/africa.svg"
              />
            </div>
            <div
              class="category__content"
            >
              <div
                class="category__content-wrapper"
              >
                <h3
                  class="category__title"
                >
                  africa
                </h3>
                <button
                  aria-hidden="true"
                  class="category__button"
                  type="button"
                >
                  view
                </button>
              </div>
            </div>
          </div>
        </div>
      </div>
      <div
        class="swiper-slide"
        data-swiper-slide-index="3"
      >
        <div
          class="category"
        >
          <div
            class="category__wrapper"
          >
            <div
              class="category__img-wrapper"
            >
              <img
                alt="oceania"
                class="category__img"
                src="assets/oceania.svg"
              />
            </div>
            <div
              class="category__content"
            >
              <div
                class="category__content-wrapper"
              >
                <h3
                  class="category__title"
                >
                  oceania
                </h3>
                <button
                  aria-hidden="true"
                  class="category__button"
                  type="button"
                >
                  view
                </button>
              </div>
            </div>
          </div>
        </div>
      </div>
      <div
        class="swiper-slide"
        data-swiper-slide-index="4"
      >
        <div
          class="category"
        >
          <div
            class="category__wrapper"
          >
            <div
              class="category__img-wrapper"
            >
              <img
                alt="americas"
                class="category__img"
                src="assets/americas.svg"
              />
            </div>
            <div
              class="category__content"
            >
              <div
                class="category__content-wrapper"
              >
                <h3
                  class="category__title"
                >
                  americas
                </h3>
                <button
                  aria-hidden="true"
                  class="category__button"
                  type="button"
                >
                  view
                </button>
              </div>
            </div>
          </div>
        </div>
      </div>
    </div>
    <div
      class="swiper-pagination swiper-pagination-clickable swiper-pagination-bullets swiper-pagination-horizontal"
    >
      <span
        class="swiper-pagination-bullet swiper-pagination-bullet-active"
      />
      <span
        class="swiper-pagination-bullet"
      />
      <span
        class="swiper-pagination-bullet"
      />
      <span
        class="swiper-pagination-bullet"
      />
      <span
        class="swiper-pagination-bullet"
      />
    </div>
  </div>
</div>
`;

exports[`Rockets renders Rockets Page without crashing 3`] = `
<div>
  <div
    class="swiper swiper-initialized swiper-horizontal mySwiper"
  >
    <div
      class="swiper-wrapper"
      style="transition-duration: 0ms; transform: translate3d(NaNpx, 0px, 0px);"
    >
      <div
        class="swiper-slide"
        data-swiper-slide-index="0"
      >
        <div
          class="category"
        >
          <div
            class="category__wrapper"
          >
            <div
              class="category__img-wrapper"
            >
              <img
                alt="europe"
                class="category__img"
                src="assets/europe.svg"
              />
            </div>
            <div
              class="category__content"
            >
              <div
                class="category__content-wrapper"
              >
                <h3
                  class="category__title"
                >
                  europe
                </h3>
                <button
                  aria-hidden="true"
                  class="category__button"
                  type="button"
                >
                  view
                </button>
              </div>
            </div>
          </div>
        </div>
      </div>
      <div
        class="swiper-slide"
        data-swiper-slide-index="1"
      >
        <div
          class="category"
        >
          <div
            class="category__wrapper"
          >
            <div
              class="category__img-wrapper"
            >
              <img
                alt="asia"
                class="category__img"
                src="assets/asia.svg"
              />
            </div>
            <div
              class="category__content"
            >
              <div
                class="category__content-wrapper"
              >
                <h3
                  class="category__title"
                >
                  asia
                </h3>
                <button
                  aria-hidden="true"
                  class="category__button"
                  type="button"
                >
                  view
                </button>
              </div>
            </div>
          </div>
        </div>
      </div>
      <div
        class="swiper-slide"
        data-swiper-slide-index="2"
      >
        <div
          class="category"
        >
          <div
            class="category__wrapper"
          >
            <div
              class="category__img-wrapper"
            >
              <img
                alt="africa"
                class="category__img"
                src="assets/africa.svg"
              />
            </div>
            <div
              class="category__content"
            >
              <div
                class="category__content-wrapper"
              >
                <h3
                  class="category__title"
                >
                  africa
                </h3>
                <button
                  aria-hidden="true"
                  class="category__button"
                  type="button"
                >
                  view
                </button>
              </div>
            </div>
          </div>
        </div>
      </div>
      <div
        class="swiper-slide"
        data-swiper-slide-index="3"
      >
        <div
          class="category"
        >
          <div
            class="category__wrapper"
          >
            <div
              class="category__img-wrapper"
            >
              <img
                alt="oceania"
                class="category__img"
                src="assets/oceania.svg"
              />
            </div>
            <div
              class="category__content"
            >
              <div
                class="category__content-wrapper"
              >
                <h3
                  class="category__title"
                >
                  oceania
                </h3>
                <button
                  aria-hidden="true"
                  class="category__button"
                  type="button"
                >
                  view
                </button>
              </div>
            </div>
          </div>
        </div>
      </div>
      <div
        class="swiper-slide"
        data-swiper-slide-index="4"
      >
        <div
          class="category"
        >
          <div
            class="category__wrapper"
          >
            <div
              class="category__img-wrapper"
            >
              <img
                alt="americas"
                class="category__img"
                src="assets/americas.svg"
              />
            </div>
            <div
              class="category__content"
            >
              <div
                class="category__content-wrapper"
              >
                <h3
                  class="category__title"
                >
                  americas
                </h3>
                <button
                  aria-hidden="true"
                  class="category__button"
                  type="button"
                >
                  view
                </button>
              </div>
            </div>
          </div>
        </div>
      </div>
    </div>
    <div
      class="swiper-pagination swiper-pagination-clickable swiper-pagination-bullets swiper-pagination-horizontal"
    >
      <span
        class="swiper-pagination-bullet swiper-pagination-bullet-active"
      />
      <span
        class="swiper-pagination-bullet"
      />
      <span
        class="swiper-pagination-bullet"
      />
      <span
        class="swiper-pagination-bullet"
      />
      <span
        class="swiper-pagination-bullet"
      />
    </div>
  </div>
</div>
`;
